

================================================================
== Vitis HLS Report for 'cholesky_kernel'
================================================================
* Date:           Fri Oct 21 05:56:20 2022

* Version:        2022.1 (Build 3526262 on Mon Apr 18 15:47:01 MDT 2022)
* Project:        cholesky_kernel
* Solution:       solution (Vitis Kernel Flow Target)
* Product family: virtexuplus
* Target device:  xcu50-fsvh2104-2-e


================================================================
== Performance Estimates
================================================================
+ Timing: 
    * Summary: 
    +--------+---------+----------+------------+
    |  Clock |  Target | Estimated| Uncertainty|
    +--------+---------+----------+------------+
    |ap_clk  |  3.33 ns|  2.433 ns|     0.90 ns|
    +--------+---------+----------+------------+

+ Latency: 
    * Summary: 
    +---------+---------+----------+----------+-----+-----+---------+
    |  Latency (cycles) |  Latency (absolute) |  Interval | Pipeline|
    |   min   |   max   |    min   |    max   | min | max |   Type  |
    +---------+---------+----------+----------+-----+-----+---------+
    |        ?|        ?|         ?|         ?|    ?|    ?|       no|
    +---------+---------+----------+----------+-----+-----+---------+

    + Detail: 
        * Instance: 
        +---------------------------------------------------------------------+----------------------------------------------------------+---------+---------+-----------+----------+-----+-----+---------+
        |                                                                     |                                                          |  Latency (cycles) |  Latency (absolute)  |  Interval | Pipeline|
        |                               Instance                              |                          Module                          |   min   |   max   |    min    |    max   | min | max |   Type  |
        +---------------------------------------------------------------------+----------------------------------------------------------+---------+---------+-----------+----------+-----+-----+---------+
        |grp_cholesky_kernel_Pipeline_VITIS_LOOP_23_1_VITIS_LOOP_24_2_fu_172  |cholesky_kernel_Pipeline_VITIS_LOOP_23_1_VITIS_LOOP_24_2  |        ?|        ?|          ?|         ?|    ?|    ?|       no|
        |grp_cholesky_kernel_Pipeline_Loop_first_col_fu_182                   |cholesky_kernel_Pipeline_Loop_first_col                   |        ?|        ?|          ?|         ?|    ?|    ?|       no|
        |grp_cholesky_kernel_Pipeline_Loop_diag_fu_189                        |cholesky_kernel_Pipeline_Loop_diag                        |       20|        ?|  66.660 ns|         ?|   20|    ?|       no|
        |grp_cholesky_kernel_Pipeline_Loop_vec_mul_fu_197                     |cholesky_kernel_Pipeline_Loop_vec_mul                     |       20|        ?|  66.660 ns|         ?|   20|    ?|       no|
        |grp_cholesky_kernel_Pipeline_VITIS_LOOP_61_3_VITIS_LOOP_62_4_fu_206  |cholesky_kernel_Pipeline_VITIS_LOOP_61_3_VITIS_LOOP_62_4  |        6|        ?|  19.998 ns|         ?|    6|    ?|       no|
        +---------------------------------------------------------------------+----------------------------------------------------------+---------+---------+-----------+----------+-----+-----+---------+

        * Loop: 
        +-------------+---------+---------+----------+-----------+-----------+------+----------+
        |             |  Latency (cycles) | Iteration|  Initiation Interval  | Trip |          |
        |  Loop Name  |   min   |   max   |  Latency |  achieved |   target  | Count| Pipelined|
        +-------------+---------+---------+----------+-----------+-----------+------+----------+
        |- Loop_col   |        ?|        ?|         ?|          -|          -|     ?|        no|
        | + Loop_row  |        ?|        ?|    66 ~ ?|          -|          -|     ?|        no|
        +-------------+---------+---------+----------+-----------+-----------+------+----------+



================================================================
== Utilization Estimates
================================================================
* Summary: 
+---------------------+---------+------+---------+--------+-----+
|         Name        | BRAM_18K|  DSP |    FF   |   LUT  | URAM|
+---------------------+---------+------+---------+--------+-----+
|DSP                  |        -|     -|        -|       -|    -|
|Expression           |        -|     -|        0|     298|    -|
|FIFO                 |        -|     -|        -|       -|    -|
|Instance             |        0|    20|     4039|    4152|    0|
|Memory               |       32|     -|        0|       0|    0|
|Multiplexer          |        -|     -|        -|    1982|    -|
|Register             |        -|     -|     1119|       -|    -|
+---------------------+---------+------+---------+--------+-----+
|Total                |       32|    20|     5158|    6432|    0|
+---------------------+---------+------+---------+--------+-----+
|Available SLR        |     1344|  2976|   871680|  435840|  320|
+---------------------+---------+------+---------+--------+-----+
|Utilization SLR (%)  |        2|    ~0|       ~0|       1|    0|
+---------------------+---------+------+---------+--------+-----+
|Available            |     2688|  5952|  1743360|  871680|  640|
+---------------------+---------+------+---------+--------+-----+
|Utilization (%)      |        1|    ~0|       ~0|      ~0|    0|
+---------------------+---------+------+---------+--------+-----+

+ Detail: 
    * Instance: 
    +---------------------------------------------------------------------+----------------------------------------------------------+---------+----+------+------+-----+
    |                               Instance                              |                          Module                          | BRAM_18K| DSP|  FF  |  LUT | URAM|
    +---------------------------------------------------------------------+----------------------------------------------------------+---------+----+------+------+-----+
    |grp_cholesky_kernel_Pipeline_Loop_diag_fu_189                        |cholesky_kernel_Pipeline_Loop_diag                        |        0|   0|   237|   214|    0|
    |grp_cholesky_kernel_Pipeline_Loop_first_col_fu_182                   |cholesky_kernel_Pipeline_Loop_first_col                   |        0|   0|   301|   134|    0|
    |grp_cholesky_kernel_Pipeline_Loop_vec_mul_fu_197                     |cholesky_kernel_Pipeline_Loop_vec_mul                     |        0|   0|   301|   239|    0|
    |grp_cholesky_kernel_Pipeline_VITIS_LOOP_23_1_VITIS_LOOP_24_2_fu_172  |cholesky_kernel_Pipeline_VITIS_LOOP_23_1_VITIS_LOOP_24_2  |        0|   0|   201|   332|    0|
    |grp_cholesky_kernel_Pipeline_VITIS_LOOP_61_3_VITIS_LOOP_62_4_fu_206  |cholesky_kernel_Pipeline_VITIS_LOOP_61_3_VITIS_LOOP_62_4  |        0|   0|   281|   386|    0|
    |control_s_axi_U                                                      |control_s_axi                                             |        0|   0|   144|   232|    0|
    |dadddsub_64ns_64ns_64_8_full_dsp_1_U28                               |dadddsub_64ns_64ns_64_8_full_dsp_1                        |        0|   3|   685|   635|    0|
    |ddiv_64ns_64ns_64_31_no_dsp_1_U29                                    |ddiv_64ns_64ns_64_31_no_dsp_1                             |        0|   0|     0|     0|    0|
    |dmul_64ns_64ns_64_8_max_dsp_1_U34                                    |dmul_64ns_64ns_64_8_max_dsp_1                             |        0|   8|   388|   127|    0|
    |dsqrt_64ns_64ns_64_30_no_dsp_1_U30                                   |dsqrt_64ns_64ns_64_30_no_dsp_1                            |        0|   0|     0|     0|    0|
    |gmem_m_axi_U                                                         |gmem_m_axi                                                |        0|   0|  1010|  1708|    0|
    |mul_31ns_31ns_62_2_1_U32                                             |mul_31ns_31ns_62_2_1                                      |        0|   3|   161|    47|    0|
    |mul_32ns_32ns_62_2_1_U33                                             |mul_32ns_32ns_62_2_1                                      |        0|   3|   165|    49|    0|
    |mul_32s_32s_32_2_1_U31                                               |mul_32s_32s_32_2_1                                        |        0|   3|   165|    49|    0|
    +---------------------------------------------------------------------+----------------------------------------------------------+---------+----+------+------+-----+
    |Total                                                                |                                                          |        0|  20|  4039|  4152|    0|
    +---------------------------------------------------------------------+----------------------------------------------------------+---------+----+------+------+-----+

    * DSP: 
    N/A

    * Memory: 
    +---------+---------------------+---------+---+----+-----+--------+-----+------+-------------+
    |  Memory |        Module       | BRAM_18K| FF| LUT| URAM|  Words | Bits| Banks| W*Bits*Banks|
    +---------+---------------------+---------+---+----+-----+--------+-----+------+-------------+
    |dataA_U  |dataA_RAM_AUTO_2R1W  |       32|  0|   0|    0|  262144|   64|     1|     16777216|
    +---------+---------------------+---------+---+----+-----+--------+-----+------+-------------+
    |Total    |                     |       32|  0|   0|    0|  262144|   64|     1|     16777216|
    +---------+---------------------+---------+---+----+-----+--------+-----+------+-------------+

    * FIFO: 
    N/A

    * Expression: 
    +----------------------------------+----------+----+---+----+------------+------------+
    |           Variable Name          | Operation| DSP| FF| LUT| Bitwidth P0| Bitwidth P1|
    +----------------------------------+----------+----+---+----+------------+------------+
    |add_ln38_1_fu_395_p2              |         +|   0|  0|  39|          32|           1|
    |add_ln38_fu_371_p2                |         +|   0|  0|  38|          31|           1|
    |add_ln46_fu_353_p2                |         +|   0|  0|  25|          18|          18|
    |add_ln50_fu_389_p2                |         +|   0|  0|  38|          31|           1|
    |add_ln56_fu_418_p2                |         +|   0|  0|  25|          18|          18|
    |sub60_fu_316_p2                   |         +|   0|  0|  39|          32|           2|
    |ap_block_state274                 |       and|   0|  0|   2|           1|           1|
    |ap_block_state75_on_subcall_done  |       and|   0|  0|   2|           1|           1|
    |ap_ext_blocking_cur_n             |       and|   0|  0|   2|           1|           1|
    |ap_ext_blocking_n                 |       and|   0|  0|   2|           1|           1|
    |ap_int_blocking_n                 |       and|   0|  0|   2|           1|           2|
    |ap_str_blocking_n                 |       and|   0|  0|   2|           1|           2|
    |icmp_ln23_fu_280_p2               |      icmp|   0|  0|  20|          32|           1|
    |icmp_ln38_fu_332_p2               |      icmp|   0|  0|  20|          32|          32|
    |icmp_ln48_fu_337_p2               |      icmp|   0|  0|  20|          32|          32|
    |icmp_ln50_fu_384_p2               |      icmp|   0|  0|  20|          32|          32|
    |ap_block_state1                   |        or|   0|  0|   2|           1|           1|
    +----------------------------------+----------+----+---+----+------------+------------+
    |Total                             |          |   0|  0| 298|         297|         147|
    +----------------------------------+----------+----+---+----+------------+------------+

    * Multiplexer: 
    +---------------------+------+-----------+-----+-----------+
    |         Name        |  LUT | Input Size| Bits| Total Bits|
    +---------------------+------+-----------+-----+-----------+
    |ap_NS_fsm            |  1460|        275|    1|        275|
    |ap_done              |     9|          2|    1|          2|
    |dataA_address0       |    59|         11|   18|        198|
    |dataA_address1       |    14|          3|   18|         54|
    |dataA_ce0            |    37|          7|    1|          7|
    |dataA_ce1            |    14|          3|    1|          3|
    |dataA_d0             |    26|          5|   64|        320|
    |dataA_we0            |    20|          4|    1|          4|
    |gmem_ARADDR          |    14|          3|   64|        192|
    |gmem_ARLEN           |    14|          3|   32|         96|
    |gmem_ARVALID         |    14|          3|    1|          3|
    |gmem_AWADDR          |    14|          3|   64|        192|
    |gmem_AWLEN           |    14|          3|   32|         96|
    |gmem_AWVALID         |    14|          3|    1|          3|
    |gmem_BREADY          |    14|          3|    1|          3|
    |gmem_RREADY          |     9|          2|    1|          2|
    |gmem_WVALID          |     9|          2|    1|          2|
    |gmem_blk_n_AR        |     9|          2|    1|          2|
    |gmem_blk_n_AW        |     9|          2|    1|          2|
    |gmem_blk_n_B         |     9|          2|    1|          2|
    |grp_fu_216_ce        |    14|          3|    1|          3|
    |grp_fu_216_opcode    |    20|          4|    2|          8|
    |grp_fu_216_p0        |    20|          4|   64|        256|
    |grp_fu_216_p1        |    26|          5|   64|        320|
    |grp_fu_220_ce        |     9|          2|    1|          2|
    |grp_fu_220_p0        |    14|          3|   64|        192|
    |grp_fu_220_p1        |    14|          3|   64|        192|
    |grp_fu_224_p1        |    14|          3|   64|        192|
    |grp_fu_631_ce        |    14|          3|    1|          3|
    |grp_fu_631_p0        |    14|          3|   64|        192|
    |grp_fu_631_p1        |    14|          3|   64|        192|
    |i_reg_163            |     9|          2|   31|         62|
    |indvars_iv50_fu_104  |     9|          2|   32|         64|
    |j_1_fu_108           |     9|          2|   31|         62|
    +---------------------+------+-----------+-----+-----------+
    |Total                |  1982|        383|  852|       3198|
    +---------------------+------+-----------+-----+-----------+

    * Register: 
    +----------------------------------------------------------------------------------+-----+----+-----+-----------+
    |                                       Name                                       |  FF | LUT| Bits| Const Bits|
    +----------------------------------------------------------------------------------+-----+----+-----+-----------+
    |add_ln38_reg_574                                                                  |   31|   0|   31|          0|
    |add_ln50_reg_587                                                                  |   31|   0|   31|          0|
    |add_ln56_reg_597                                                                  |   18|   0|   18|          0|
    |ap_CS_fsm                                                                         |  274|   0|  274|          0|
    |ap_done_reg                                                                       |    1|   0|    1|          0|
    |ap_ext_blocking_n_reg                                                             |    1|   0|    1|          0|
    |ap_int_blocking_n_reg                                                             |    1|   0|    1|          0|
    |ap_rst_n_inv                                                                      |    1|   0|    1|          0|
    |ap_rst_reg_1                                                                      |    1|   0|    1|          0|
    |ap_rst_reg_2                                                                      |    1|   0|    1|          0|
    |ap_str_blocking_n_reg                                                             |    1|   0|    1|          0|
    |dataA_addr_2_reg_561                                                              |   18|   0|   18|          0|
    |dataA_addr_3_reg_602                                                              |   18|   0|   18|          0|
    |div1_reg_610                                                                      |   64|   0|   64|          0|
    |empty_reg_464                                                                     |   31|   0|   31|          0|
    |grp_cholesky_kernel_Pipeline_Loop_diag_fu_189_ap_start_reg                        |    1|   0|    1|          0|
    |grp_cholesky_kernel_Pipeline_Loop_first_col_fu_182_ap_start_reg                   |    1|   0|    1|          0|
    |grp_cholesky_kernel_Pipeline_Loop_vec_mul_fu_197_ap_start_reg                     |    1|   0|    1|          0|
    |grp_cholesky_kernel_Pipeline_VITIS_LOOP_23_1_VITIS_LOOP_24_2_fu_172_ap_start_reg  |    1|   0|    1|          0|
    |grp_cholesky_kernel_Pipeline_VITIS_LOOP_61_3_VITIS_LOOP_62_4_fu_206_ap_start_reg  |    1|   0|    1|          0|
    |i_reg_163                                                                         |   31|   0|   31|          0|
    |icmp_ln23_reg_493                                                                 |    1|   0|    1|          0|
    |icmp_ln48_reg_545                                                                 |    1|   0|    1|          0|
    |indvars_iv50_fu_104                                                               |   32|   0|   32|          0|
    |j_1_fu_108                                                                        |   31|   0|   31|          0|
    |j_reg_532                                                                         |   31|   0|   31|          0|
    |mul_ln23_1_reg_508                                                                |   62|   0|   62|          0|
    |mul_ln61_1_reg_626                                                                |   62|   0|   62|          0|
    |reg_245                                                                           |   32|   0|   32|          0|
    |reg_251                                                                           |   61|   0|   61|          0|
    |reg_257                                                                           |   64|   0|   64|          0|
    |reg_264                                                                           |   64|   0|   64|          0|
    |reg_270                                                                           |   64|   0|   64|          0|
    |sub60_reg_527                                                                     |   32|   0|   32|          0|
    |tmp_5_reg_549                                                                     |    9|   0|   18|          9|
    |tmp_7_reg_592                                                                     |    9|   0|   18|          9|
    |trunc_ln38_reg_537                                                                |    9|   0|    9|          0|
    |trunc_ln43_reg_556                                                                |   18|   0|   18|          0|
    |trunc_ln50_reg_579                                                                |    9|   0|    9|          0|
    +----------------------------------------------------------------------------------+-----+----+-----+-----------+
    |Total                                                                             | 1119|   0| 1137|         18|
    +----------------------------------------------------------------------------------+-----+----+-----+-----------+



================================================================
== Interface
================================================================
* Summary: 
+-----------------------+-----+-----+---------------+-----------------+--------------+
|       RTL Ports       | Dir | Bits|    Protocol   |  Source Object  |    C Type    |
+-----------------------+-----+-----+---------------+-----------------+--------------+
|s_axi_control_AWVALID  |   in|    1|          s_axi|          control|        scalar|
|s_axi_control_AWREADY  |  out|    1|          s_axi|          control|        scalar|
|s_axi_control_AWADDR   |   in|    6|          s_axi|          control|        scalar|
|s_axi_control_WVALID   |   in|    1|          s_axi|          control|        scalar|
|s_axi_control_WREADY   |  out|    1|          s_axi|          control|        scalar|
|s_axi_control_WDATA    |   in|   32|          s_axi|          control|        scalar|
|s_axi_control_WSTRB    |   in|    4|          s_axi|          control|        scalar|
|s_axi_control_ARVALID  |   in|    1|          s_axi|          control|        scalar|
|s_axi_control_ARREADY  |  out|    1|          s_axi|          control|        scalar|
|s_axi_control_ARADDR   |   in|    6|          s_axi|          control|        scalar|
|s_axi_control_RVALID   |  out|    1|          s_axi|          control|        scalar|
|s_axi_control_RREADY   |   in|    1|          s_axi|          control|        scalar|
|s_axi_control_RDATA    |  out|   32|          s_axi|          control|        scalar|
|s_axi_control_RRESP    |  out|    2|          s_axi|          control|        scalar|
|s_axi_control_BVALID   |  out|    1|          s_axi|          control|        scalar|
|s_axi_control_BREADY   |   in|    1|          s_axi|          control|        scalar|
|s_axi_control_BRESP    |  out|    2|          s_axi|          control|        scalar|
|ap_clk                 |   in|    1|  ap_ctrl_chain|  cholesky_kernel|  return value|
|ap_rst_n               |   in|    1|  ap_ctrl_chain|  cholesky_kernel|  return value|
|event_done             |  out|    1|  ap_ctrl_chain|  cholesky_kernel|  return value|
|interrupt              |  out|    1|  ap_ctrl_chain|  cholesky_kernel|  return value|
|event_start            |  out|    1|  ap_ctrl_chain|  cholesky_kernel|  return value|
|stall_start_ext        |  out|    1|  ap_ctrl_chain|  cholesky_kernel|  return value|
|stall_done_ext         |  out|    1|  ap_ctrl_chain|  cholesky_kernel|  return value|
|stall_start_str        |  out|    1|  ap_ctrl_chain|  cholesky_kernel|  return value|
|stall_done_str         |  out|    1|  ap_ctrl_chain|  cholesky_kernel|  return value|
|stall_start_int        |  out|    1|  ap_ctrl_chain|  cholesky_kernel|  return value|
|stall_done_int         |  out|    1|  ap_ctrl_chain|  cholesky_kernel|  return value|
|m_axi_gmem_AWVALID     |  out|    1|          m_axi|             gmem|       pointer|
|m_axi_gmem_AWREADY     |   in|    1|          m_axi|             gmem|       pointer|
|m_axi_gmem_AWADDR      |  out|   64|          m_axi|             gmem|       pointer|
|m_axi_gmem_AWID        |  out|    1|          m_axi|             gmem|       pointer|
|m_axi_gmem_AWLEN       |  out|    8|          m_axi|             gmem|       pointer|
|m_axi_gmem_AWSIZE      |  out|    3|          m_axi|             gmem|       pointer|
|m_axi_gmem_AWBURST     |  out|    2|          m_axi|             gmem|       pointer|
|m_axi_gmem_AWLOCK      |  out|    2|          m_axi|             gmem|       pointer|
|m_axi_gmem_AWCACHE     |  out|    4|          m_axi|             gmem|       pointer|
|m_axi_gmem_AWPROT      |  out|    3|          m_axi|             gmem|       pointer|
|m_axi_gmem_AWQOS       |  out|    4|          m_axi|             gmem|       pointer|
|m_axi_gmem_AWREGION    |  out|    4|          m_axi|             gmem|       pointer|
|m_axi_gmem_AWUSER      |  out|    1|          m_axi|             gmem|       pointer|
|m_axi_gmem_WVALID      |  out|    1|          m_axi|             gmem|       pointer|
|m_axi_gmem_WREADY      |   in|    1|          m_axi|             gmem|       pointer|
|m_axi_gmem_WDATA       |  out|   64|          m_axi|             gmem|       pointer|
|m_axi_gmem_WSTRB       |  out|    8|          m_axi|             gmem|       pointer|
|m_axi_gmem_WLAST       |  out|    1|          m_axi|             gmem|       pointer|
|m_axi_gmem_WID         |  out|    1|          m_axi|             gmem|       pointer|
|m_axi_gmem_WUSER       |  out|    1|          m_axi|             gmem|       pointer|
|m_axi_gmem_ARVALID     |  out|    1|          m_axi|             gmem|       pointer|
|m_axi_gmem_ARREADY     |   in|    1|          m_axi|             gmem|       pointer|
|m_axi_gmem_ARADDR      |  out|   64|          m_axi|             gmem|       pointer|
|m_axi_gmem_ARID        |  out|    1|          m_axi|             gmem|       pointer|
|m_axi_gmem_ARLEN       |  out|    8|          m_axi|             gmem|       pointer|
|m_axi_gmem_ARSIZE      |  out|    3|          m_axi|             gmem|       pointer|
|m_axi_gmem_ARBURST     |  out|    2|          m_axi|             gmem|       pointer|
|m_axi_gmem_ARLOCK      |  out|    2|          m_axi|             gmem|       pointer|
|m_axi_gmem_ARCACHE     |  out|    4|          m_axi|             gmem|       pointer|
|m_axi_gmem_ARPROT      |  out|    3|          m_axi|             gmem|       pointer|
|m_axi_gmem_ARQOS       |  out|    4|          m_axi|             gmem|       pointer|
|m_axi_gmem_ARREGION    |  out|    4|          m_axi|             gmem|       pointer|
|m_axi_gmem_ARUSER      |  out|    1|          m_axi|             gmem|       pointer|
|m_axi_gmem_RVALID      |   in|    1|          m_axi|             gmem|       pointer|
|m_axi_gmem_RREADY      |  out|    1|          m_axi|             gmem|       pointer|
|m_axi_gmem_RDATA       |   in|   64|          m_axi|             gmem|       pointer|
|m_axi_gmem_RLAST       |   in|    1|          m_axi|             gmem|       pointer|
|m_axi_gmem_RID         |   in|    1|          m_axi|             gmem|       pointer|
|m_axi_gmem_RUSER       |   in|    1|          m_axi|             gmem|       pointer|
|m_axi_gmem_RRESP       |   in|    2|          m_axi|             gmem|       pointer|
|m_axi_gmem_BVALID      |   in|    1|          m_axi|             gmem|       pointer|
|m_axi_gmem_BREADY      |  out|    1|          m_axi|             gmem|       pointer|
|m_axi_gmem_BRESP       |   in|    2|          m_axi|             gmem|       pointer|
|m_axi_gmem_BID         |   in|    1|          m_axi|             gmem|       pointer|
|m_axi_gmem_BUSER       |   in|    1|          m_axi|             gmem|       pointer|
+-----------------------+-----+-----+---------------+-----------------+--------------+

